[WARNING] 2026-03-18 00:38:29,734 views : Formulaire d'ajout de secret invalide : <ul class="errorlist"><li>nom_secret<ul class="errorlist" id="id_nom_secret_error"><li>Ce champ est obligatoire.</li></ul></li><li>frequence_rotation<ul class="errorlist" id="id_frequence_rotation_error"><li>Sélectionnez un choix valide. 30 n’en fait pas partie.</li></ul></li></ul>
[WARNING] 2026-03-18 00:38:58,710 views : Formulaire d'ajout de secret invalide : <ul class="errorlist"><li>nom_secret<ul class="errorlist" id="id_nom_secret_error"><li>Ce champ est obligatoire.</li></ul></li><li>frequence_rotation<ul class="errorlist" id="id_frequence_rotation_error"><li>Sélectionnez un choix valide. 30 n’en fait pas partie.</li></ul></li></ul>
[WARNING] 2026-03-18 00:57:50,307 views : Formulaire d'ajout de secret invalide : <ul class="errorlist"><li>nom_secret<ul class="errorlist" id="id_nom_secret_error"><li>Ce champ est obligatoire.</li></ul></li></ul>
[ERROR] 2026-03-18 01:26:12,371 views : Erreur de connexion à Barbican : Erreur lors de la soumission de l'ordre : OrderManager.create_key() got an unexpected keyword argument 'secret_type'
Traceback (most recent call last):
  File "/home/racky/Bureau/School/St_Jean_Ingenieur/Master2/Semestre1/SecuriteCloud/projet_cloud_security/depot_git/Gestion-des-secrets-avec-Barbican/apps/secrets_manager/fonctions.py", line 76, in commander_secret_barbican
    order = bc.orders.create_key(
            ^^^^^^^^^^^^^^^^^^^^^
TypeError: OrderManager.create_key() got an unexpected keyword argument 'secret_type'

During handling of the above exception, another exception occurred:

Traceback (most recent call last):
  File "/home/racky/Bureau/School/St_Jean_Ingenieur/Master2/Semestre1/SecuriteCloud/projet_cloud_security/depot_git/Gestion-des-secrets-avec-Barbican/apps/secrets_manager/views.py", line 84, in ajouter_secret_view
    resultat = _traiter_cle(bc, scoped_token, données_cle)
               ^^^^^^^^^^^^^^^^^^^^^^^^^^^^^^^^^^^^^^^^^^^
  File "/home/racky/Bureau/School/St_Jean_Ingenieur/Master2/Semestre1/SecuriteCloud/projet_cloud_security/depot_git/Gestion-des-secrets-avec-Barbican/apps/secrets_manager/utils.py", line 60, in _traiter_cle
    secret_ref = generer_cle_symetrique(scoped_token, secret_name)
                 ^^^^^^^^^^^^^^^^^^^^^^^^^^^^^^^^^^^^^^^^^^^^^^^^^
  File "/home/racky/Bureau/School/St_Jean_Ingenieur/Master2/Semestre1/SecuriteCloud/projet_cloud_security/depot_git/Gestion-des-secrets-avec-Barbican/apps/secrets_manager/fonctions.py", line 146, in generer_cle_symetrique
    order = commander_secret_barbican(user_token_scope, order_body)
            ^^^^^^^^^^^^^^^^^^^^^^^^^^^^^^^^^^^^^^^^^^^^^^^^^^^^^^^
  File "/home/racky/Bureau/School/St_Jean_Ingenieur/Master2/Semestre1/SecuriteCloud/projet_cloud_security/depot_git/Gestion-des-secrets-avec-Barbican/apps/secrets_manager/fonctions.py", line 100, in commander_secret_barbican
    raise BarbicanConnectionError(
secrets_manager.fonctions.BarbicanConnectionError: Erreur lors de la soumission de l'ordre : OrderManager.create_key() got an unexpected keyword argument 'secret_type'
[ERROR] 2026-03-18 01:45:16,382 views : Erreur de connexion à Barbican : Erreur lors de la soumission de l'ordre : No Order type provided
Traceback (most recent call last):
  File "/home/racky/Bureau/School/St_Jean_Ingenieur/Master2/Semestre1/SecuriteCloud/projet_cloud_security/depot_git/Gestion-des-secrets-avec-Barbican/apps/secrets_manager/fonctions.py", line 76, in commander_secret_barbican
    order = bc.orders.create(
            ^^^^^^^^^^^^^^^^^
  File "/home/racky/Bureau/School/St_Jean_Ingenieur/Master2/Semestre1/SecuriteCloud/projet_cloud_security/depot_git/Gestion-des-secrets-avec-Barbican/env/lib/python3.12/site-packages/barbicanclient/v1/orders.py", line 365, in create
    raise TypeError('No Order type provided')
TypeError: No Order type provided

During handling of the above exception, another exception occurred:

Traceback (most recent call last):
  File "/home/racky/Bureau/School/St_Jean_Ingenieur/Master2/Semestre1/SecuriteCloud/projet_cloud_security/depot_git/Gestion-des-secrets-avec-Barbican/apps/secrets_manager/views.py", line 84, in ajouter_secret_view
    resultat = _traiter_cle(bc, scoped_token, données_cle)
               ^^^^^^^^^^^^^^^^^^^^^^^^^^^^^^^^^^^^^^^^^^^
  File "/home/racky/Bureau/School/St_Jean_Ingenieur/Master2/Semestre1/SecuriteCloud/projet_cloud_security/depot_git/Gestion-des-secrets-avec-Barbican/apps/secrets_manager/utils.py", line 60, in _traiter_cle
    secret_ref = generer_cle_symetrique(scoped_token, secret_name)
                 ^^^^^^^^^^^^^^^^^^^^^^^^^^^^^^^^^^^^^^^^^^^^^^^^^
  File "/home/racky/Bureau/School/St_Jean_Ingenieur/Master2/Semestre1/SecuriteCloud/projet_cloud_security/depot_git/Gestion-des-secrets-avec-Barbican/apps/secrets_manager/fonctions.py", line 148, in generer_cle_symetrique
    order = commander_secret_barbican(user_token_scope, order_body)
            ^^^^^^^^^^^^^^^^^^^^^^^^^^^^^^^^^^^^^^^^^^^^^^^^^^^^^^^
  File "/home/racky/Bureau/School/St_Jean_Ingenieur/Master2/Semestre1/SecuriteCloud/projet_cloud_security/depot_git/Gestion-des-secrets-avec-Barbican/apps/secrets_manager/fonctions.py", line 102, in commander_secret_barbican
    raise BarbicanConnectionError(
secrets_manager.fonctions.BarbicanConnectionError: Erreur lors de la soumission de l'ordre : No Order type provided
[ERROR] 2026-03-18 01:49:17,997 views : Erreur de connexion à Barbican : Barbican a refusé l'ordre [HTTP 404] : Not Found
Traceback (most recent call last):
  File "/home/racky/Bureau/School/St_Jean_Ingenieur/Master2/Semestre1/SecuriteCloud/projet_cloud_security/depot_git/Gestion-des-secrets-avec-Barbican/apps/secrets_manager/fonctions.py", line 93, in commander_secret_barbican
    order.submit()
  File "/home/racky/Bureau/School/St_Jean_Ingenieur/Master2/Semestre1/SecuriteCloud/projet_cloud_security/depot_git/Gestion-des-secrets-avec-Barbican/env/lib/python3.12/site-packages/barbicanclient/v1/orders.py", line 33, in wrapper
    return func(self, *args)
           ^^^^^^^^^^^^^^^^^
  File "/home/racky/Bureau/School/St_Jean_Ingenieur/Master2/Semestre1/SecuriteCloud/projet_cloud_security/depot_git/Gestion-des-secrets-avec-Barbican/env/lib/python3.12/site-packages/barbicanclient/v1/orders.py", line 208, in submit
    response = self._api.post(self._entity, json=order_dict)
               ^^^^^^^^^^^^^^^^^^^^^^^^^^^^^^^^^^^^^^^^^^^^^
  File "/home/racky/Bureau/School/St_Jean_Ingenieur/Master2/Semestre1/SecuriteCloud/projet_cloud_security/depot_git/Gestion-des-secrets-avec-Barbican/env/lib/python3.12/site-packages/barbicanclient/client.py", line 75, in post
    return super(_HTTPClient, self).post(path, *args, **kwargs).json()
           ^^^^^^^^^^^^^^^^^^^^^^^^^^^^^^^^^^^^^^^^^^^^^^^^^^^^
  File "/home/racky/Bureau/School/St_Jean_Ingenieur/Master2/Semestre1/SecuriteCloud/projet_cloud_security/depot_git/Gestion-des-secrets-avec-Barbican/env/lib/python3.12/site-packages/keystoneauth1/adapter.py", line 612, in post
    return self.request(url, 'POST', **kwargs)
           ^^^^^^^^^^^^^^^^^^^^^^^^^^^^^^^^^^^
  File "/home/racky/Bureau/School/St_Jean_Ingenieur/Master2/Semestre1/SecuriteCloud/projet_cloud_security/depot_git/Gestion-des-secrets-avec-Barbican/env/lib/python3.12/site-packages/barbicanclient/client.py", line 63, in request
    self._check_status_code(resp)
  File "/home/racky/Bureau/School/St_Jean_Ingenieur/Master2/Semestre1/SecuriteCloud/projet_cloud_security/depot_git/Gestion-des-secrets-avec-Barbican/env/lib/python3.12/site-packages/barbicanclient/client.py", line 105, in _check_status_code
    raise exceptions.HTTPClientError(
barbicanclient.exceptions.HTTPClientError: Not Found

During handling of the above exception, another exception occurred:

Traceback (most recent call last):
  File "/home/racky/Bureau/School/St_Jean_Ingenieur/Master2/Semestre1/SecuriteCloud/projet_cloud_security/depot_git/Gestion-des-secrets-avec-Barbican/apps/secrets_manager/views.py", line 84, in ajouter_secret_view
    resultat = _traiter_cle(bc, scoped_token, données_cle)
               ^^^^^^^^^^^^^^^^^^^^^^^^^^^^^^^^^^^^^^^^^^^
  File "/home/racky/Bureau/School/St_Jean_Ingenieur/Master2/Semestre1/SecuriteCloud/projet_cloud_security/depot_git/Gestion-des-secrets-avec-Barbican/apps/secrets_manager/utils.py", line 60, in _traiter_cle
    secret_ref = generer_cle_symetrique(scoped_token, secret_name)
                 ^^^^^^^^^^^^^^^^^^^^^^^^^^^^^^^^^^^^^^^^^^^^^^^^^
  File "/home/racky/Bureau/School/St_Jean_Ingenieur/Master2/Semestre1/SecuriteCloud/projet_cloud_security/depot_git/Gestion-des-secrets-avec-Barbican/apps/secrets_manager/fonctions.py", line 147, in generer_cle_symetrique
    order = commander_secret_barbican(user_token_scope, order_body)
            ^^^^^^^^^^^^^^^^^^^^^^^^^^^^^^^^^^^^^^^^^^^^^^^^^^^^^^^
  File "/home/racky/Bureau/School/St_Jean_Ingenieur/Master2/Semestre1/SecuriteCloud/projet_cloud_security/depot_git/Gestion-des-secrets-avec-Barbican/apps/secrets_manager/fonctions.py", line 97, in commander_secret_barbican
    raise BarbicanConnectionError(
secrets_manager.fonctions.BarbicanConnectionError: Barbican a refusé l'ordre [HTTP 404] : Not Found
[ERROR] 2026-03-18 01:56:10,231 views : Erreur de connexion à Barbican : Erreur lors de la soumission de l'ordre : Internal Server Error: Order creation failure seen - please contact site administrator.
Traceback (most recent call last):
  File "/home/racky/Bureau/School/St_Jean_Ingenieur/Master2/Semestre1/SecuriteCloud/projet_cloud_security/depot_git/Gestion-des-secrets-avec-Barbican/apps/secrets_manager/fonctions.py", line 93, in commander_secret_barbican
    order.submit()
  File "/home/racky/Bureau/School/St_Jean_Ingenieur/Master2/Semestre1/SecuriteCloud/projet_cloud_security/depot_git/Gestion-des-secrets-avec-Barbican/env/lib/python3.12/site-packages/barbicanclient/v1/orders.py", line 33, in wrapper
    return func(self, *args)
           ^^^^^^^^^^^^^^^^^
  File "/home/racky/Bureau/School/St_Jean_Ingenieur/Master2/Semestre1/SecuriteCloud/projet_cloud_security/depot_git/Gestion-des-secrets-avec-Barbican/env/lib/python3.12/site-packages/barbicanclient/v1/orders.py", line 208, in submit
    response = self._api.post(self._entity, json=order_dict)
               ^^^^^^^^^^^^^^^^^^^^^^^^^^^^^^^^^^^^^^^^^^^^^
  File "/home/racky/Bureau/School/St_Jean_Ingenieur/Master2/Semestre1/SecuriteCloud/projet_cloud_security/depot_git/Gestion-des-secrets-avec-Barbican/env/lib/python3.12/site-packages/barbicanclient/client.py", line 75, in post
    return super(_HTTPClient, self).post(path, *args, **kwargs).json()
           ^^^^^^^^^^^^^^^^^^^^^^^^^^^^^^^^^^^^^^^^^^^^^^^^^^^^
  File "/home/racky/Bureau/School/St_Jean_Ingenieur/Master2/Semestre1/SecuriteCloud/projet_cloud_security/depot_git/Gestion-des-secrets-avec-Barbican/env/lib/python3.12/site-packages/keystoneauth1/adapter.py", line 612, in post
    return self.request(url, 'POST', **kwargs)
           ^^^^^^^^^^^^^^^^^^^^^^^^^^^^^^^^^^^
  File "/home/racky/Bureau/School/St_Jean_Ingenieur/Master2/Semestre1/SecuriteCloud/projet_cloud_security/depot_git/Gestion-des-secrets-avec-Barbican/env/lib/python3.12/site-packages/barbicanclient/client.py", line 63, in request
    self._check_status_code(resp)
  File "/home/racky/Bureau/School/St_Jean_Ingenieur/Master2/Semestre1/SecuriteCloud/projet_cloud_security/depot_git/Gestion-des-secrets-avec-Barbican/env/lib/python3.12/site-packages/barbicanclient/client.py", line 97, in _check_status_code
    raise exceptions.HTTPServerError(
barbicanclient.exceptions.HTTPServerError: Internal Server Error: Order creation failure seen - please contact site administrator.

During handling of the above exception, another exception occurred:

Traceback (most recent call last):
  File "/home/racky/Bureau/School/St_Jean_Ingenieur/Master2/Semestre1/SecuriteCloud/projet_cloud_security/depot_git/Gestion-des-secrets-avec-Barbican/apps/secrets_manager/views.py", line 84, in ajouter_secret_view
    resultat = _traiter_cle(bc, scoped_token, données_cle)
               ^^^^^^^^^^^^^^^^^^^^^^^^^^^^^^^^^^^^^^^^^^^
  File "/home/racky/Bureau/School/St_Jean_Ingenieur/Master2/Semestre1/SecuriteCloud/projet_cloud_security/depot_git/Gestion-des-secrets-avec-Barbican/apps/secrets_manager/utils.py", line 60, in _traiter_cle
    secret_ref = generer_cle_symetrique(scoped_token, secret_name)
                 ^^^^^^^^^^^^^^^^^^^^^^^^^^^^^^^^^^^^^^^^^^^^^^^^^
  File "/home/racky/Bureau/School/St_Jean_Ingenieur/Master2/Semestre1/SecuriteCloud/projet_cloud_security/depot_git/Gestion-des-secrets-avec-Barbican/apps/secrets_manager/fonctions.py", line 147, in generer_cle_symetrique
    order = commander_secret_barbican(user_token_scope, order_body)
            ^^^^^^^^^^^^^^^^^^^^^^^^^^^^^^^^^^^^^^^^^^^^^^^^^^^^^^^
  File "/home/racky/Bureau/School/St_Jean_Ingenieur/Master2/Semestre1/SecuriteCloud/projet_cloud_security/depot_git/Gestion-des-secrets-avec-Barbican/apps/secrets_manager/fonctions.py", line 101, in commander_secret_barbican
    raise BarbicanConnectionError(
secrets_manager.fonctions.BarbicanConnectionError: Erreur lors de la soumission de l'ordre : Internal Server Error: Order creation failure seen - please contact site administrator.
[ERROR] 2026-03-18 02:21:28,085 views : Erreur de connexion à Barbican : Erreur lors de la soumission de l'ordre : Internal Server Error: Order creation failure seen - please contact site administrator.
Traceback (most recent call last):
  File "/home/racky/Bureau/School/St_Jean_Ingenieur/Master2/Semestre1/SecuriteCloud/projet_cloud_security/depot_git/Gestion-des-secrets-avec-Barbican/apps/secrets_manager/fonctions.py", line 93, in commander_secret_barbican
    order.submit()
  File "/home/racky/Bureau/School/St_Jean_Ingenieur/Master2/Semestre1/SecuriteCloud/projet_cloud_security/depot_git/Gestion-des-secrets-avec-Barbican/env/lib/python3.12/site-packages/barbicanclient/v1/orders.py", line 33, in wrapper
    return func(self, *args)
           ^^^^^^^^^^^^^^^^^
  File "/home/racky/Bureau/School/St_Jean_Ingenieur/Master2/Semestre1/SecuriteCloud/projet_cloud_security/depot_git/Gestion-des-secrets-avec-Barbican/env/lib/python3.12/site-packages/barbicanclient/v1/orders.py", line 208, in submit
    response = self._api.post(self._entity, json=order_dict)
               ^^^^^^^^^^^^^^^^^^^^^^^^^^^^^^^^^^^^^^^^^^^^^
  File "/home/racky/Bureau/School/St_Jean_Ingenieur/Master2/Semestre1/SecuriteCloud/projet_cloud_security/depot_git/Gestion-des-secrets-avec-Barbican/env/lib/python3.12/site-packages/barbicanclient/client.py", line 75, in post
    return super(_HTTPClient, self).post(path, *args, **kwargs).json()
           ^^^^^^^^^^^^^^^^^^^^^^^^^^^^^^^^^^^^^^^^^^^^^^^^^^^^
  File "/home/racky/Bureau/School/St_Jean_Ingenieur/Master2/Semestre1/SecuriteCloud/projet_cloud_security/depot_git/Gestion-des-secrets-avec-Barbican/env/lib/python3.12/site-packages/keystoneauth1/adapter.py", line 612, in post
    return self.request(url, 'POST', **kwargs)
           ^^^^^^^^^^^^^^^^^^^^^^^^^^^^^^^^^^^
  File "/home/racky/Bureau/School/St_Jean_Ingenieur/Master2/Semestre1/SecuriteCloud/projet_cloud_security/depot_git/Gestion-des-secrets-avec-Barbican/env/lib/python3.12/site-packages/barbicanclient/client.py", line 63, in request
    self._check_status_code(resp)
  File "/home/racky/Bureau/School/St_Jean_Ingenieur/Master2/Semestre1/SecuriteCloud/projet_cloud_security/depot_git/Gestion-des-secrets-avec-Barbican/env/lib/python3.12/site-packages/barbicanclient/client.py", line 97, in _check_status_code
    raise exceptions.HTTPServerError(
barbicanclient.exceptions.HTTPServerError: Internal Server Error: Order creation failure seen - please contact site administrator.

During handling of the above exception, another exception occurred:

Traceback (most recent call last):
  File "/home/racky/Bureau/School/St_Jean_Ingenieur/Master2/Semestre1/SecuriteCloud/projet_cloud_security/depot_git/Gestion-des-secrets-avec-Barbican/apps/secrets_manager/views.py", line 84, in ajouter_secret_view
    resultat = _traiter_cle(bc, scoped_token, données_cle)
               ^^^^^^^^^^^^^^^^^^^^^^^^^^^^^^^^^^^^^^^^^^^
  File "/home/racky/Bureau/School/St_Jean_Ingenieur/Master2/Semestre1/SecuriteCloud/projet_cloud_security/depot_git/Gestion-des-secrets-avec-Barbican/apps/secrets_manager/utils.py", line 60, in _traiter_cle
    secret_ref = generer_cle_symetrique(scoped_token, secret_name)
                 ^^^^^^^^^^^^^^^^^^^^^^^^^^^^^^^^^^^^^^^^^^^^^^^^^
  File "/home/racky/Bureau/School/St_Jean_Ingenieur/Master2/Semestre1/SecuriteCloud/projet_cloud_security/depot_git/Gestion-des-secrets-avec-Barbican/apps/secrets_manager/fonctions.py", line 147, in generer_cle_symetrique
    order = commander_secret_barbican(user_token_scope, order_body)
            ^^^^^^^^^^^^^^^^^^^^^^^^^^^^^^^^^^^^^^^^^^^^^^^^^^^^^^^
  File "/home/racky/Bureau/School/St_Jean_Ingenieur/Master2/Semestre1/SecuriteCloud/projet_cloud_security/depot_git/Gestion-des-secrets-avec-Barbican/apps/secrets_manager/fonctions.py", line 101, in commander_secret_barbican
    raise BarbicanConnectionError(
secrets_manager.fonctions.BarbicanConnectionError: Erreur lors de la soumission de l'ordre : Internal Server Error: Order creation failure seen - please contact site administrator.
[ERROR] 2026-03-18 02:31:58,925 views : Erreur de connexion à Barbican : Erreur lors de la soumission de l'ordre : Internal Server Error: Order creation failure seen - please contact site administrator.
Traceback (most recent call last):
  File "/home/racky/Bureau/School/St_Jean_Ingenieur/Master2/Semestre1/SecuriteCloud/projet_cloud_security/depot_git/Gestion-des-secrets-avec-Barbican/apps/secrets_manager/fonctions.py", line 93, in commander_secret_barbican
    order.submit()
  File "/home/racky/Bureau/School/St_Jean_Ingenieur/Master2/Semestre1/SecuriteCloud/projet_cloud_security/depot_git/Gestion-des-secrets-avec-Barbican/env/lib/python3.12/site-packages/barbicanclient/v1/orders.py", line 33, in wrapper
    return func(self, *args)
           ^^^^^^^^^^^^^^^^^
  File "/home/racky/Bureau/School/St_Jean_Ingenieur/Master2/Semestre1/SecuriteCloud/projet_cloud_security/depot_git/Gestion-des-secrets-avec-Barbican/env/lib/python3.12/site-packages/barbicanclient/v1/orders.py", line 208, in submit
    response = self._api.post(self._entity, json=order_dict)
               ^^^^^^^^^^^^^^^^^^^^^^^^^^^^^^^^^^^^^^^^^^^^^
  File "/home/racky/Bureau/School/St_Jean_Ingenieur/Master2/Semestre1/SecuriteCloud/projet_cloud_security/depot_git/Gestion-des-secrets-avec-Barbican/env/lib/python3.12/site-packages/barbicanclient/client.py", line 75, in post
    return super(_HTTPClient, self).post(path, *args, **kwargs).json()
           ^^^^^^^^^^^^^^^^^^^^^^^^^^^^^^^^^^^^^^^^^^^^^^^^^^^^
  File "/home/racky/Bureau/School/St_Jean_Ingenieur/Master2/Semestre1/SecuriteCloud/projet_cloud_security/depot_git/Gestion-des-secrets-avec-Barbican/env/lib/python3.12/site-packages/keystoneauth1/adapter.py", line 612, in post
    return self.request(url, 'POST', **kwargs)
           ^^^^^^^^^^^^^^^^^^^^^^^^^^^^^^^^^^^
  File "/home/racky/Bureau/School/St_Jean_Ingenieur/Master2/Semestre1/SecuriteCloud/projet_cloud_security/depot_git/Gestion-des-secrets-avec-Barbican/env/lib/python3.12/site-packages/barbicanclient/client.py", line 63, in request
    self._check_status_code(resp)
  File "/home/racky/Bureau/School/St_Jean_Ingenieur/Master2/Semestre1/SecuriteCloud/projet_cloud_security/depot_git/Gestion-des-secrets-avec-Barbican/env/lib/python3.12/site-packages/barbicanclient/client.py", line 97, in _check_status_code
    raise exceptions.HTTPServerError(
barbicanclient.exceptions.HTTPServerError: Internal Server Error: Order creation failure seen - please contact site administrator.

During handling of the above exception, another exception occurred:

Traceback (most recent call last):
  File "/home/racky/Bureau/School/St_Jean_Ingenieur/Master2/Semestre1/SecuriteCloud/projet_cloud_security/depot_git/Gestion-des-secrets-avec-Barbican/apps/secrets_manager/views.py", line 84, in ajouter_secret_view
    resultat = _traiter_cle(bc, scoped_token, données_cle)
               ^^^^^^^^^^^^^^^^^^^^^^^^^^^^^^^^^^^^^^^^^^^
  File "/home/racky/Bureau/School/St_Jean_Ingenieur/Master2/Semestre1/SecuriteCloud/projet_cloud_security/depot_git/Gestion-des-secrets-avec-Barbican/apps/secrets_manager/utils.py", line 60, in _traiter_cle
    secret_ref = generer_cle_symetrique(scoped_token, secret_name)
                 ^^^^^^^^^^^^^^^^^^^^^^^^^^^^^^^^^^^^^^^^^^^^^^^^^
  File "/home/racky/Bureau/School/St_Jean_Ingenieur/Master2/Semestre1/SecuriteCloud/projet_cloud_security/depot_git/Gestion-des-secrets-avec-Barbican/apps/secrets_manager/fonctions.py", line 147, in generer_cle_symetrique
    order = commander_secret_barbican(user_token_scope, order_body)
            ^^^^^^^^^^^^^^^^^^^^^^^^^^^^^^^^^^^^^^^^^^^^^^^^^^^^^^^
  File "/home/racky/Bureau/School/St_Jean_Ingenieur/Master2/Semestre1/SecuriteCloud/projet_cloud_security/depot_git/Gestion-des-secrets-avec-Barbican/apps/secrets_manager/fonctions.py", line 101, in commander_secret_barbican
    raise BarbicanConnectionError(
secrets_manager.fonctions.BarbicanConnectionError: Erreur lors de la soumission de l'ordre : Internal Server Error: Order creation failure seen - please contact site administrator.
[ERROR] 2026-03-18 03:08:21,204 views : Erreur de connexion à Barbican : Erreur lors de la soumission de l'ordre : Internal Server Error: Order creation failure seen - please contact site administrator.
Traceback (most recent call last):
  File "/home/racky/Bureau/School/St_Jean_Ingenieur/Master2/Semestre1/SecuriteCloud/projet_cloud_security/depot_git/Gestion-des-secrets-avec-Barbican/apps/secrets_manager/fonctions.py", line 93, in commander_secret_barbican
    order.submit()
  File "/home/racky/Bureau/School/St_Jean_Ingenieur/Master2/Semestre1/SecuriteCloud/projet_cloud_security/depot_git/Gestion-des-secrets-avec-Barbican/env/lib/python3.12/site-packages/barbicanclient/v1/orders.py", line 33, in wrapper
    return func(self, *args)
           ^^^^^^^^^^^^^^^^^
  File "/home/racky/Bureau/School/St_Jean_Ingenieur/Master2/Semestre1/SecuriteCloud/projet_cloud_security/depot_git/Gestion-des-secrets-avec-Barbican/env/lib/python3.12/site-packages/barbicanclient/v1/orders.py", line 208, in submit
    response = self._api.post(self._entity, json=order_dict)
               ^^^^^^^^^^^^^^^^^^^^^^^^^^^^^^^^^^^^^^^^^^^^^
  File "/home/racky/Bureau/School/St_Jean_Ingenieur/Master2/Semestre1/SecuriteCloud/projet_cloud_security/depot_git/Gestion-des-secrets-avec-Barbican/env/lib/python3.12/site-packages/barbicanclient/client.py", line 75, in post
    return super(_HTTPClient, self).post(path, *args, **kwargs).json()
           ^^^^^^^^^^^^^^^^^^^^^^^^^^^^^^^^^^^^^^^^^^^^^^^^^^^^
  File "/home/racky/Bureau/School/St_Jean_Ingenieur/Master2/Semestre1/SecuriteCloud/projet_cloud_security/depot_git/Gestion-des-secrets-avec-Barbican/env/lib/python3.12/site-packages/keystoneauth1/adapter.py", line 612, in post
    return self.request(url, 'POST', **kwargs)
           ^^^^^^^^^^^^^^^^^^^^^^^^^^^^^^^^^^^
  File "/home/racky/Bureau/School/St_Jean_Ingenieur/Master2/Semestre1/SecuriteCloud/projet_cloud_security/depot_git/Gestion-des-secrets-avec-Barbican/env/lib/python3.12/site-packages/barbicanclient/client.py", line 63, in request
    self._check_status_code(resp)
  File "/home/racky/Bureau/School/St_Jean_Ingenieur/Master2/Semestre1/SecuriteCloud/projet_cloud_security/depot_git/Gestion-des-secrets-avec-Barbican/env/lib/python3.12/site-packages/barbicanclient/client.py", line 97, in _check_status_code
    raise exceptions.HTTPServerError(
barbicanclient.exceptions.HTTPServerError: Internal Server Error: Order creation failure seen - please contact site administrator.

During handling of the above exception, another exception occurred:

Traceback (most recent call last):
  File "/home/racky/Bureau/School/St_Jean_Ingenieur/Master2/Semestre1/SecuriteCloud/projet_cloud_security/depot_git/Gestion-des-secrets-avec-Barbican/apps/secrets_manager/views.py", line 84, in ajouter_secret_view
    resultat = _traiter_cle(bc, scoped_token, données_cle)
               ^^^^^^^^^^^^^^^^^^^^^^^^^^^^^^^^^^^^^^^^^^^
  File "/home/racky/Bureau/School/St_Jean_Ingenieur/Master2/Semestre1/SecuriteCloud/projet_cloud_security/depot_git/Gestion-des-secrets-avec-Barbican/apps/secrets_manager/utils.py", line 60, in _traiter_cle
    secret_ref = generer_cle_symetrique(scoped_token, secret_name)
                 ^^^^^^^^^^^^^^^^^^^^^^^^^^^^^^^^^^^^^^^^^^^^^^^^^
  File "/home/racky/Bureau/School/St_Jean_Ingenieur/Master2/Semestre1/SecuriteCloud/projet_cloud_security/depot_git/Gestion-des-secrets-avec-Barbican/apps/secrets_manager/fonctions.py", line 147, in generer_cle_symetrique
    order = commander_secret_barbican(user_token_scope, order_body)
            ^^^^^^^^^^^^^^^^^^^^^^^^^^^^^^^^^^^^^^^^^^^^^^^^^^^^^^^
  File "/home/racky/Bureau/School/St_Jean_Ingenieur/Master2/Semestre1/SecuriteCloud/projet_cloud_security/depot_git/Gestion-des-secrets-avec-Barbican/apps/secrets_manager/fonctions.py", line 101, in commander_secret_barbican
    raise BarbicanConnectionError(
secrets_manager.fonctions.BarbicanConnectionError: Erreur lors de la soumission de l'ordre : Internal Server Error: Order creation failure seen - please contact site administrator.
[ERROR] 2026-03-18 03:27:45,657 views : Erreur de connexion à Barbican : Erreur lors de la soumission de l'ordre : Internal Server Error: Order creation failure seen - please contact site administrator.
Traceback (most recent call last):
  File "/home/racky/Bureau/School/St_Jean_Ingenieur/Master2/Semestre1/SecuriteCloud/projet_cloud_security/depot_git/Gestion-des-secrets-avec-Barbican/apps/secrets_manager/fonctions.py", line 93, in commander_secret_barbican
    order.submit()
  File "/home/racky/Bureau/School/St_Jean_Ingenieur/Master2/Semestre1/SecuriteCloud/projet_cloud_security/depot_git/Gestion-des-secrets-avec-Barbican/env/lib/python3.12/site-packages/barbicanclient/v1/orders.py", line 33, in wrapper
    return func(self, *args)
           ^^^^^^^^^^^^^^^^^
  File "/home/racky/Bureau/School/St_Jean_Ingenieur/Master2/Semestre1/SecuriteCloud/projet_cloud_security/depot_git/Gestion-des-secrets-avec-Barbican/env/lib/python3.12/site-packages/barbicanclient/v1/orders.py", line 208, in submit
    response = self._api.post(self._entity, json=order_dict)
               ^^^^^^^^^^^^^^^^^^^^^^^^^^^^^^^^^^^^^^^^^^^^^
  File "/home/racky/Bureau/School/St_Jean_Ingenieur/Master2/Semestre1/SecuriteCloud/projet_cloud_security/depot_git/Gestion-des-secrets-avec-Barbican/env/lib/python3.12/site-packages/barbicanclient/client.py", line 75, in post
    return super(_HTTPClient, self).post(path, *args, **kwargs).json()
           ^^^^^^^^^^^^^^^^^^^^^^^^^^^^^^^^^^^^^^^^^^^^^^^^^^^^
  File "/home/racky/Bureau/School/St_Jean_Ingenieur/Master2/Semestre1/SecuriteCloud/projet_cloud_security/depot_git/Gestion-des-secrets-avec-Barbican/env/lib/python3.12/site-packages/keystoneauth1/adapter.py", line 612, in post
    return self.request(url, 'POST', **kwargs)
           ^^^^^^^^^^^^^^^^^^^^^^^^^^^^^^^^^^^
  File "/home/racky/Bureau/School/St_Jean_Ingenieur/Master2/Semestre1/SecuriteCloud/projet_cloud_security/depot_git/Gestion-des-secrets-avec-Barbican/env/lib/python3.12/site-packages/barbicanclient/client.py", line 63, in request
    self._check_status_code(resp)
  File "/home/racky/Bureau/School/St_Jean_Ingenieur/Master2/Semestre1/SecuriteCloud/projet_cloud_security/depot_git/Gestion-des-secrets-avec-Barbican/env/lib/python3.12/site-packages/barbicanclient/client.py", line 97, in _check_status_code
    raise exceptions.HTTPServerError(
barbicanclient.exceptions.HTTPServerError: Internal Server Error: Order creation failure seen - please contact site administrator.

During handling of the above exception, another exception occurred:

Traceback (most recent call last):
  File "/home/racky/Bureau/School/St_Jean_Ingenieur/Master2/Semestre1/SecuriteCloud/projet_cloud_security/depot_git/Gestion-des-secrets-avec-Barbican/apps/secrets_manager/views.py", line 84, in ajouter_secret_view
    resultat = _traiter_cle(bc, scoped_token, données_cle)
               ^^^^^^^^^^^^^^^^^^^^^^^^^^^^^^^^^^^^^^^^^^^
  File "/home/racky/Bureau/School/St_Jean_Ingenieur/Master2/Semestre1/SecuriteCloud/projet_cloud_security/depot_git/Gestion-des-secrets-avec-Barbican/apps/secrets_manager/utils.py", line 60, in _traiter_cle
    secret_ref = generer_cle_symetrique(scoped_token, secret_name)
                 ^^^^^^^^^^^^^^^^^^^^^^^^^^^^^^^^^^^^^^^^^^^^^^^^^
  File "/home/racky/Bureau/School/St_Jean_Ingenieur/Master2/Semestre1/SecuriteCloud/projet_cloud_security/depot_git/Gestion-des-secrets-avec-Barbican/apps/secrets_manager/fonctions.py", line 147, in generer_cle_symetrique
    order = commander_secret_barbican(user_token_scope, order_body)
            ^^^^^^^^^^^^^^^^^^^^^^^^^^^^^^^^^^^^^^^^^^^^^^^^^^^^^^^
  File "/home/racky/Bureau/School/St_Jean_Ingenieur/Master2/Semestre1/SecuriteCloud/projet_cloud_security/depot_git/Gestion-des-secrets-avec-Barbican/apps/secrets_manager/fonctions.py", line 101, in commander_secret_barbican
    raise BarbicanConnectionError(
secrets_manager.fonctions.BarbicanConnectionError: Erreur lors de la soumission de l'ordre : Internal Server Error: Order creation failure seen - please contact site administrator.
[ERROR] 2026-03-18 03:41:44,062 views : Erreur de connexion à Barbican : Erreur lors de la soumission de l'ordre : Internal Server Error: Order creation failure seen - please contact site administrator.
Traceback (most recent call last):
  File "/home/racky/Bureau/School/St_Jean_Ingenieur/Master2/Semestre1/SecuriteCloud/projet_cloud_security/depot_git/Gestion-des-secrets-avec-Barbican/apps/secrets_manager/fonctions.py", line 93, in commander_secret_barbican
    order.submit()
  File "/home/racky/Bureau/School/St_Jean_Ingenieur/Master2/Semestre1/SecuriteCloud/projet_cloud_security/depot_git/Gestion-des-secrets-avec-Barbican/env/lib/python3.12/site-packages/barbicanclient/v1/orders.py", line 33, in wrapper
    return func(self, *args)
           ^^^^^^^^^^^^^^^^^
  File "/home/racky/Bureau/School/St_Jean_Ingenieur/Master2/Semestre1/SecuriteCloud/projet_cloud_security/depot_git/Gestion-des-secrets-avec-Barbican/env/lib/python3.12/site-packages/barbicanclient/v1/orders.py", line 208, in submit
    response = self._api.post(self._entity, json=order_dict)
               ^^^^^^^^^^^^^^^^^^^^^^^^^^^^^^^^^^^^^^^^^^^^^
  File "/home/racky/Bureau/School/St_Jean_Ingenieur/Master2/Semestre1/SecuriteCloud/projet_cloud_security/depot_git/Gestion-des-secrets-avec-Barbican/env/lib/python3.12/site-packages/barbicanclient/client.py", line 75, in post
    return super(_HTTPClient, self).post(path, *args, **kwargs).json()
           ^^^^^^^^^^^^^^^^^^^^^^^^^^^^^^^^^^^^^^^^^^^^^^^^^^^^
  File "/home/racky/Bureau/School/St_Jean_Ingenieur/Master2/Semestre1/SecuriteCloud/projet_cloud_security/depot_git/Gestion-des-secrets-avec-Barbican/env/lib/python3.12/site-packages/keystoneauth1/adapter.py", line 612, in post
    return self.request(url, 'POST', **kwargs)
           ^^^^^^^^^^^^^^^^^^^^^^^^^^^^^^^^^^^
  File "/home/racky/Bureau/School/St_Jean_Ingenieur/Master2/Semestre1/SecuriteCloud/projet_cloud_security/depot_git/Gestion-des-secrets-avec-Barbican/env/lib/python3.12/site-packages/barbicanclient/client.py", line 63, in request
    self._check_status_code(resp)
  File "/home/racky/Bureau/School/St_Jean_Ingenieur/Master2/Semestre1/SecuriteCloud/projet_cloud_security/depot_git/Gestion-des-secrets-avec-Barbican/env/lib/python3.12/site-packages/barbicanclient/client.py", line 97, in _check_status_code
    raise exceptions.HTTPServerError(
barbicanclient.exceptions.HTTPServerError: Internal Server Error: Order creation failure seen - please contact site administrator.

During handling of the above exception, another exception occurred:

Traceback (most recent call last):
  File "/home/racky/Bureau/School/St_Jean_Ingenieur/Master2/Semestre1/SecuriteCloud/projet_cloud_security/depot_git/Gestion-des-secrets-avec-Barbican/apps/secrets_manager/views.py", line 84, in ajouter_secret_view
    resultat = _traiter_cle(bc, scoped_token, données_cle)
               ^^^^^^^^^^^^^^^^^^^^^^^^^^^^^^^^^^^^^^^^^^^
  File "/home/racky/Bureau/School/St_Jean_Ingenieur/Master2/Semestre1/SecuriteCloud/projet_cloud_security/depot_git/Gestion-des-secrets-avec-Barbican/apps/secrets_manager/utils.py", line 60, in _traiter_cle
    secret_ref = generer_cle_symetrique(scoped_token, secret_name)
                 ^^^^^^^^^^^^^^^^^^^^^^^^^^^^^^^^^^^^^^^^^^^^^^^^^
  File "/home/racky/Bureau/School/St_Jean_Ingenieur/Master2/Semestre1/SecuriteCloud/projet_cloud_security/depot_git/Gestion-des-secrets-avec-Barbican/apps/secrets_manager/fonctions.py", line 147, in generer_cle_symetrique
    order = commander_secret_barbican(user_token_scope, order_body)
            ^^^^^^^^^^^^^^^^^^^^^^^^^^^^^^^^^^^^^^^^^^^^^^^^^^^^^^^
  File "/home/racky/Bureau/School/St_Jean_Ingenieur/Master2/Semestre1/SecuriteCloud/projet_cloud_security/depot_git/Gestion-des-secrets-avec-Barbican/apps/secrets_manager/fonctions.py", line 101, in commander_secret_barbican
    raise BarbicanConnectionError(
secrets_manager.fonctions.BarbicanConnectionError: Erreur lors de la soumission de l'ordre : Internal Server Error: Order creation failure seen - please contact site administrator.
[ERROR] 2026-03-18 03:42:14,192 views : Erreur de connexion à Barbican : Erreur lors de la soumission de l'ordre : Internal Server Error: Order creation failure seen - please contact site administrator.
Traceback (most recent call last):
  File "/home/racky/Bureau/School/St_Jean_Ingenieur/Master2/Semestre1/SecuriteCloud/projet_cloud_security/depot_git/Gestion-des-secrets-avec-Barbican/apps/secrets_manager/fonctions.py", line 93, in commander_secret_barbican
    order.submit()
  File "/home/racky/Bureau/School/St_Jean_Ingenieur/Master2/Semestre1/SecuriteCloud/projet_cloud_security/depot_git/Gestion-des-secrets-avec-Barbican/env/lib/python3.12/site-packages/barbicanclient/v1/orders.py", line 33, in wrapper
    return func(self, *args)
           ^^^^^^^^^^^^^^^^^
  File "/home/racky/Bureau/School/St_Jean_Ingenieur/Master2/Semestre1/SecuriteCloud/projet_cloud_security/depot_git/Gestion-des-secrets-avec-Barbican/env/lib/python3.12/site-packages/barbicanclient/v1/orders.py", line 208, in submit
    response = self._api.post(self._entity, json=order_dict)
               ^^^^^^^^^^^^^^^^^^^^^^^^^^^^^^^^^^^^^^^^^^^^^
  File "/home/racky/Bureau/School/St_Jean_Ingenieur/Master2/Semestre1/SecuriteCloud/projet_cloud_security/depot_git/Gestion-des-secrets-avec-Barbican/env/lib/python3.12/site-packages/barbicanclient/client.py", line 75, in post
    return super(_HTTPClient, self).post(path, *args, **kwargs).json()
           ^^^^^^^^^^^^^^^^^^^^^^^^^^^^^^^^^^^^^^^^^^^^^^^^^^^^
  File "/home/racky/Bureau/School/St_Jean_Ingenieur/Master2/Semestre1/SecuriteCloud/projet_cloud_security/depot_git/Gestion-des-secrets-avec-Barbican/env/lib/python3.12/site-packages/keystoneauth1/adapter.py", line 612, in post
    return self.request(url, 'POST', **kwargs)
           ^^^^^^^^^^^^^^^^^^^^^^^^^^^^^^^^^^^
  File "/home/racky/Bureau/School/St_Jean_Ingenieur/Master2/Semestre1/SecuriteCloud/projet_cloud_security/depot_git/Gestion-des-secrets-avec-Barbican/env/lib/python3.12/site-packages/barbicanclient/client.py", line 63, in request
    self._check_status_code(resp)
  File "/home/racky/Bureau/School/St_Jean_Ingenieur/Master2/Semestre1/SecuriteCloud/projet_cloud_security/depot_git/Gestion-des-secrets-avec-Barbican/env/lib/python3.12/site-packages/barbicanclient/client.py", line 97, in _check_status_code
    raise exceptions.HTTPServerError(
barbicanclient.exceptions.HTTPServerError: Internal Server Error: Order creation failure seen - please contact site administrator.

During handling of the above exception, another exception occurred:

Traceback (most recent call last):
  File "/home/racky/Bureau/School/St_Jean_Ingenieur/Master2/Semestre1/SecuriteCloud/projet_cloud_security/depot_git/Gestion-des-secrets-avec-Barbican/apps/secrets_manager/views.py", line 84, in ajouter_secret_view
    resultat = _traiter_cle(bc, scoped_token, données_cle)
               ^^^^^^^^^^^^^^^^^^^^^^^^^^^^^^^^^^^^^^^^^^^
  File "/home/racky/Bureau/School/St_Jean_Ingenieur/Master2/Semestre1/SecuriteCloud/projet_cloud_security/depot_git/Gestion-des-secrets-avec-Barbican/apps/secrets_manager/utils.py", line 72, in _traiter_cle
    container_ref = generer_cle_asymetrique(scoped_token, secret_name)
                    ^^^^^^^^^^^^^^^^^^^^^^^^^^^^^^^^^^^^^^^^^^^^^^^^^^
  File "/home/racky/Bureau/School/St_Jean_Ingenieur/Master2/Semestre1/SecuriteCloud/projet_cloud_security/depot_git/Gestion-des-secrets-avec-Barbican/apps/secrets_manager/fonctions.py", line 165, in generer_cle_asymetrique
    order = commander_secret_barbican(user_token_scope, order_body)
            ^^^^^^^^^^^^^^^^^^^^^^^^^^^^^^^^^^^^^^^^^^^^^^^^^^^^^^^
  File "/home/racky/Bureau/School/St_Jean_Ingenieur/Master2/Semestre1/SecuriteCloud/projet_cloud_security/depot_git/Gestion-des-secrets-avec-Barbican/apps/secrets_manager/fonctions.py", line 101, in commander_secret_barbican
    raise BarbicanConnectionError(
secrets_manager.fonctions.BarbicanConnectionError: Erreur lors de la soumission de l'ordre : Internal Server Error: Order creation failure seen - please contact site administrator.
